[1785597200647801] e7 [0:0] 

[1785597200657638] e7 [15:3] 
	 [0:0] 53 59 53 3a 20 2d 2d 2d 2d 2d 2d 2d 2d 2d 2d 2d 2d 2d 2d 2d 2d 2d 2d 2d 2d 2d 2d 2d 2d 2d 
[1785597200657786] e7 [15:3] 
	 [0:0] 2d 2d 2d a 
[1785597200657878] e7 [15:3] 
	 [0:0] 53 59 53 3a 20 53 6f 66 74 77 61 72 65 2d 69 6e 2d 74 68 65 2d 4c 6f 6f 70 20 53 69 6d 75 
[1785597200657975] e7 [15:3] 
	 [0:0] 6c 61 74 6f 72 20 69 73 20 75 70 20 61 6e 64 20 72 75 6e 6e 69 6e 67 21 a 
[1785597200658055] e7 [15:3] 
	 [0:0] 53 59 53 3a 20 42 75 69 6c 64 20 33 3a 33 36 63 38 62 65 33 37 38 38 62 33 20 28 76 30 2e 
[1785597200658134] e7 [15:3] 
	 [0:0] 30 2e 31 20 2b 33 29 20 43 4c 45 41 4e a 
[1785597200658228] e7 [15:3] 
	 [0:0] 41 4b 38 39 36 33 20 49 32 43 20 63 6f 6e 6e 65 63 74 69 6f 6e 20 5b 4f 4b 5d 2e a 
[1785597200658308] e7 [15:3] 
	 [0:0] 4c 50 53 32 35 48 20 49 32 43 20 63 6f 6e 6e 65 63 74 69 6f 6e 20 5b 4f 4b 5d 2e a 
[1785597200658377] e7 [15:3] 
	 [0:0] 45 6e 74 65 72 69 6e 67 20 73 65 6e 73 6f 72 73 54 61 73 6b 28 29 20 a 
[1785597200658461] e7 [15:3] 
	 [0:0] 45 53 54 49 4d 41 54 4f 52 3a 20 55 73 69 6e 67 20 43 6f 6d 70 6c 65 6d 65 6e 74 61 72 79 
[1785597200668412] e7 [15:3] 
	 [0:0] 20 28 31 29 20 65 73 74 69 6d 61 74 6f 72 a 
[1785597200668500] e7 [15:3] 
	 [0:0] 43 4f 4e 54 52 4f 4c 4c 45 52 3a 20 55 73 69 6e 67 20 50 49 44 20 28 31 29 20 63 6f 6e 74 
[1785597200668577] e7 [15:3] 
	 [0:0] 72 6f 6c 6c 65 72 a 
[1785597200668648] e7 [15:3] 
	 [0:0] 53 59 53 3a 20 41 62 6f 75 74 20 74 6f 20 72 75 6e 20 74 65 73 74 73 20 69 6e 20 73 79 73 
[1785597200668724] e7 [15:3] 
	 [0:0] 74 65 6d 2e 63 2e a 
[1785597200668792] e7 [15:3] 
	 [0:0] 53 45 4e 53 4f 52 53 20 54 45 53 54 20 50 41 53 53 45 44 20 5b 4f 4b 5d 2e a 
[1785597200668885] e7 [15:3] 
	 [0:0] 53 59 53 3a 20 53 65 6c 66 20 74 65 73 74 20 70 61 73 73 65 64 21 a 
[1785597200668981] e7 [15:3] 
	 [0:0] 53 54 41 42 3a 20 57 61 69 74 20 66 6f 72 20 73 65 6e 73 6f 72 20 63 61 6c 69 62 72 61 74 
[1785597200669083] e7 [15:3] 
	 [0:0] 69 6f 6e 2e 2e 2e a 
[1785597200669123] e7 [15:3] 
	 [15:3] 
[1785597200677364] e7 [0:0] 
	 [15:3] 
[1785597200677496] e7 [0:0] 
	 [15:3] 
[1785597200677559] e7 [0:0] 
	 [15:3] 
[1785597200677711] e7 [0:0] 
	 [15:3] 
[1785597200677859] e7 [0:0] 
	 [15:3] 
[1785597200677911] e7 [13:1] 0 
	 [15:3] 
[1785597200678366] e7 [15:3] 
	 [15:3] 
[1785597200688420] e7 [15:3] 
	 [13:1] 0 b 0 0 0 
[1785597200688462] e7 [15:3] 
	 [15:3] 
[1785597200688770] e7 [13:1] 1 
	 [15:3] 
[1785597200698390] e7 [15:3] 
	 [13:1] 1 76 30 2e 30 2e 31 20 2b 33 
[1785597200698422] e7 [15:3] 
	 [15:3] 
[1785597200698664] e7 [13:1] 2 
	 [15:3] 
[1785597200708384] e7 [15:3] 
	 [13:1] 2 53 6f 66 74 77 61 72 65 2d 69 6e 2d 74 68 65 2d 4c 6f 6f 70 20 53 69 6d 75 6c 61 74 6f 
[1785597200708411] e7 [15:3] 
	 [15:3] 
[1785597200708779] e7 [2:0] 3 
	 [15:3] 
[1785597200718403] e7 [15:3] 
	 [2:0] 3 e5 0 c4 53 50 8 
[1785597200718439] e7 [15:3] 
	 [15:3] 
[1785597200719755] e7 [5:1] 5 
	 [15:3] 
[1785597200728387] e7 [15:3] 
	 [5:1] 5 0 0 
[1785597200728415] e7 [15:3] 
	 [15:3] 
[1785597200728658] e7 [5:0] 3 
	 [15:3] 
[1785597200738388] e7 [15:3] 
	 [5:0] 3 5d 1 a1 8e 38 83 10 80 
[1785597200738414] e7 [15:3] 
	 [15:3] 
[1785597200739288] e7 [2:2] 2a 0 6f 12 83 3a 
	 [15:3] 
[1785597200739374] e7 [2:2] 4d 0 2 
	 [15:3] 
[1785597200739522] e7 [2:2] 4c 0 2 
	 [15:3] 
[1785597200739561] e7 [5:1] 6 1 7 42 0 7 43 0 7 44 0 7 4b 0 7 4c 0 7 4d 0 
	 [15:3] 
[1785597200748420] e7 [15:3] 
	 [2:2] 2a 0 6f 12 83 3a 
[1785597200748502] e7 [15:3] 
	 [2:2] 4d 0 2 
[1785597200748588] e7 [15:3] 
	 [2:2] 4c 0 2 
[1785597200748659] e7 [15:3] 
	 [5:1] 6 1 0 
[1785597200748684] e7 [15:3] 
	 [15:3] 
[1785597200749059] e7 [5:1] 3 1 5 
	 [15:3] 
[1785597200758387] e7 [15:3] 
	 [5:1] 3 1 0 
[1785597200758417] e7 [15:3] 
	 [15:3] 
[1785597200760367] e7 [5:1] 6 0 7 0 0 7 2 0 4 3 0 1 8a 0 1 8b 0 1 8c 0 
	 [15:3] 
[1785597200768404] e7 [15:3] 
	 [5:1] 6 0 0 
[1785597200768440] e7 [15:3] 
	 [15:3] 
[1785597200768673] e7 [5:1] 3 0 32 
	 [15:3] 
[1785597200778398] e7 [15:3] 
	 [5:1] 3 0 0 
[1785597200778436] e7 [15:3] 
	 [15:3] 
[1785597200788363] e7 [15:3] 
	 [15:3] 
[1785597200798359] e7 [15:3] 
	 [15:3] 
[1785597200808437] e7 [15:3] 
	 [5:2] 1 65 1 0 0 0 0 0 0 0 0 0 0 0 0 0 0 0 0 0 0 0 0 0 0 0 0 0 
[1785597200808476] e7 [15:3] 
	 [15:3] 
[1785597200818365] e7 [15:3] 
	 [15:3] 
[1785597200828372] e7 [15:3] 
	 [15:3] 
[1785597200838366] e7 [15:3] 
	 [15:3] 
[1785597200848362] e7 [15:3] 
	 [15:3] 
[1785597200858437] e7 [15:3] 
	 [5:2] 1 97 1 0 0 0 0 0 0 0 0 0 0 0 0 0 0 0 0 0 0 0 0 0 0 0 0 0 
[1785597200858481] e7 [15:3] 
	 [15:3] 
[1785597200868359] e7 [15:3] 
	 [15:3] 
[1785597200878359] e7 [15:3] 
	 [15:3] 
[1785597200888360] e7 [15:3] 
	 [15:3] 
[1785597200898359] e7 [15:3] 
	 [15:3] 
[1785597200908462] e7 [15:3] 
	 [5:2] 1 c9 1 0 0 0 0 0 0 0 0 0 0 0 0 0 0 0 0 0 0 0 0 0 0 0 0 0 
[1785597200908524] e7 [15:3] 
	 [15:3] 
[1785597200918378] e7 [15:3] 
	 [15:3] 
[1785597200928377] e7 [15:3] 
	 [15:3] 
[1785597200938362] e7 [15:3] 
	 [15:3] 
[1785597200948375] e7 [15:3] 
	 [15:3] 
[1785597200958493] e7 [15:3] 
	 [5:2] 1 fb 1 0 0 0 0 0 0 0 0 0 0 0 0 0 0 0 0 0 0 0 0 0 0 0 0 0 
[1785597200958574] e7 [15:3] 
	 [15:3] 
[1785597200968388] e7 [15:3] 
	 [15:3] 
[1785597200978380] e7 [15:3] 
	 [15:3] 
[1785597200988402] e7 [15:3] 
	 [15:3] 
[1785597200998381] e7 [15:3] 
	 [15:3] 
[1785597201008458] e7 [15:3] 
	 [5:2] 1 2d 2 0 0 0 0 0 0 0 0 0 0 0 0 0 0 0 0 0 0 0 0 0 0 0 0 0 
[1785597201008523] e7 [15:3] 
	 [15:3] 
[1785597201018368] e7 [15:3] 
	 [15:3] 
[1785597201028376] e7 [15:3] 
	 [15:3] 
[1785597201038360] e7 [15:3] 
	 [15:3] 
[1785597201048363] e7 [15:3] 
	 [15:3] 
[1785597201058444] e7 [15:3] 
	 [5:2] 1 5f 2 0 0 0 0 0 0 0 0 0 0 0 0 0 0 0 0 0 0 0 0 0 0 0 0 0 
[1785597201058498] e7 [15:3] 
	 [15:3] 
[1785597201068360] e7 [15:3] 
	 [15:3] 
[1785597201078361] e7 [15:3] 
	 [15:3] 
[1785597201088357] e7 [15:3] 
	 [15:3] 
[1785597201098357] e7 [15:3] 
	 [15:3] 
[1785597201108433] e7 [15:3] 
	 [5:2] 1 91 2 0 0 0 0 0 0 0 0 0 0 0 0 0 0 0 0 0 0 0 0 0 0 0 0 0 
[1785597201108475] e7 [15:3] 
	 [15:3] 
[1785597201118369] e7 [15:3] 
	 [15:3] 
[1785597201128369] e7 [15:3] 
	 [15:3] 
[1785597201138362] e7 [15:3] 
	 [15:3] 
[1785597201148357] e7 [15:3] 
	 [15:3] 
[1785597201158430] e7 [15:3] 
	 [5:2] 1 c3 2 0 0 0 0 0 0 0 0 0 0 0 0 0 0 0 0 0 0 0 0 0 0 0 0 0 
[1785597201158463] e7 [15:3] 
	 [15:3] 
[1785597201168357] e7 [15:3] 
	 [15:3] 
[1785597201178360] e7 [15:3] 
	 [15:3] 
[1785597201188359] e7 [15:3] 
	 [15:3] 
[1785597201198359] e7 [15:3] 
	 [15:3] 
[1785597201208418] e7 [15:3] 
	 [5:2] 1 f5 2 0 0 0 0 0 0 0 0 0 0 0 0 0 0 0 0 0 0 0 0 0 0 0 0 0 
[1785597201208453] e7 [15:3] 
	 [15:3] 
[1785597201218394] e7 [15:3] 
	 [15:3] 
[1785597201228367] e7 [15:3] 
	 [15:3] 
[1785597201238364] e7 [15:3] 
	 [15:3] 
[1785597201248362] e7 [15:3] 
	 [15:3] 
[1785597201258438] e7 [15:3] 
	 [5:2] 1 27 3 0 0 0 0 0 0 0 0 0 0 0 0 0 0 0 0 0 0 0 0 0 0 0 0 0 
[1785597201258482] e7 [15:3] 
	 [15:3] 
[1785597201268357] e7 [15:3] 
	 [15:3] 
[1785597201278426] e7 [15:3] 
	 [5:2] 0 39 3 0 66 66 86 40 0 0 0 0 0 0 0 0 
[1785597201278467] e7 [15:3] 
	 [15:3] 
[1785597201288363] e7 [15:3] 
	 [15:3] 
[1785597201298360] e7 [15:3] 
	 [15:3] 
[1785597201308432] e7 [15:3] 
	 [5:2] 1 59 3 0 0 0 0 0 0 0 0 0 0 0 0 0 0 0 0 0 0 0 0 0 0 0 0 0 
[1785597201308472] e7 [15:3] 
	 [15:3] 
[1785597201318364] e7 [15:3] 
	 [15:3] 
[1785597201328359] e7 [15:3] 
	 [15:3] 
[1785597201338361] e7 [15:3] 
	 [15:3] 
[1785597201348361] e7 [15:3] 
	 [15:3] 
[1785597201358443] e7 [15:3] 
	 [5:2] 1 8b 3 0 0 0 0 0 0 0 0 0 0 0 0 0 0 0 0 0 0 0 0 0 0 0 0 0 
[1785597201358484] e7 [15:3] 
	 [15:3] 
[1785597201368357] e7 [15:3] 
	 [15:3] 
[1785597201378380] e7 [15:3] 
	 [15:3] 
[1785597201388356] e7 [15:3] 
	 [15:3] 
[1785597201398355] e7 [15:3] 
	 [15:3] 
[1785597201408410] e7 [15:3] 
	 [5:2] 1 bd 3 0 0 0 0 0 0 0 0 0 0 0 0 0 0 0 0 0 0 0 0 0 0 0 0 0 
[1785597201408446] e7 [15:3] 
	 [15:3] 
[1785597201418357] e7 [15:3] 
	 [15:3] 
[1785597201428357] e7 [15:3] 
	 [15:3] 
[1785597201438371] e7 [15:3] 
	 [15:3] 
[1785597201448356] e7 [15:3] 
	 [15:3] 
[1785597201458426] e7 [15:3] 
	 [5:2] 1 ef 3 0 0 0 0 0 0 0 0 0 0 0 0 0 0 0 0 0 0 0 0 0 0 0 0 0 
[1785597201458465] e7 [15:3] 
	 [15:3] 
[1785597201468357] e7 [15:3] 
	 [15:3] 
[1785597201478418] e7 [15:3] 
	 [0:0] 47 59 72 6f 20 42 69 61 73 20 66 6f 75 6e 64 20 a 
[1785597201478514] e7 [15:3] 
	 [9:0] 1 
[1785597201478596] e7 [15:3] 
	 [0:0] 53 54 41 42 3a 20 53 74 61 72 74 69 6e 67 20 73 74 61 62 69 6c 69 7a 65 72 20 6c 6f 6f 70 
[1785597201478683] e7 [15:3] 
	 [0:0] a 
[1785597201478714] e7 [15:3] 
	 [15:3] 
[1785597201488433] e7 [15:3] 
	 [0:0] 45 53 54 49 4d 41 54 4f 52 3a 20 55 73 69 6e 67 20 4b 61 6c 6d 61 6e 20 28 32 29 20 65 73 
[1785597201488533] e7 [15:3] 
	 [0:0] 74 69 6d 61 74 6f 72 a 
[1785597201488608] e7 [15:3] 
	 [0:0] 43 4f 4e 54 52 4f 4c 4c 45 52 3a 20 55 73 69 6e 67 20 4d 65 6c 6c 69 6e 67 65 72 20 28 32 
[1785597201488690] e7 [15:3] 
	 [0:0] 29 20 63 6f 6e 74 72 6f 6c 6c 65 72 a 
[1785597201488718] e7 [15:3] 
	 [15:3] 
[1785597201498365] e7 [15:3] 
	 [15:3] 
[1785597201508433] e7 [15:3] 
	 [5:2] 1 21 4 0 0 0 0 0 0 0 0 0 d4 c9 3c ba 0 0 0 0 0 0 0 0 0 0 0 0 
[1785597201508473] e7 [15:3] 
	 [15:3] 
[1785597201518363] e7 [15:3] 
	 [15:3] 
[1785597201528363] e7 [15:3] 
	 [15:3] 
[1785597201538362] e7 [15:3] 
	 [15:3] 
[1785597201548358] e7 [15:3] 
	 [15:3] 
[1785597201558448] e7 [15:3] 
	 [5:2] 1 53 4 0 0 0 0 0 0 0 0 0 f0 c9 44 ba 0 0 0 0 0 0 0 0 0 0 0 0 
[1785597201558493] e7 [15:3] 
	 [15:3] 
[1785597201568359] e7 [15:3] 
	 [15:3] 
[1785597201578357] e7 [15:3] 
	 [15:3] 
[1785597201588362] e7 [15:3] 
	 [15:3] 
[1785597201598357] e7 [15:3] 
	 [15:3] 
[1785597201608411] e7 [15:3] 
	 [5:2] 1 85 4 0 0 0 0 0 0 0 0 0 3a c3 1d ba 0 0 0 0 0 0 0 0 0 0 0 0 
[1785597201608444] e7 [15:3] 
	 [15:3] 
[1785597201618357] e7 [15:3] 
	 [15:3] 
[1785597201628356] e7 [15:3] 
	 [15:3] 
[1785597201638362] e7 [15:3] 
	 [15:3] 
[1785597201648356] e7 [15:3] 
	 [15:3] 
[1785597201658432] e7 [15:3] 
	 [5:2] 1 b7 4 0 0 0 0 0 0 0 0 0 6e c2 f0 b9 0 0 0 0 0 0 0 0 0 0 0 0 
[1785597201658478] e7 [15:3] 
	 [15:3] 
[1785597201668356] e7 [15:3] 
	 [15:3] 
[1785597201678361] e7 [15:3] 
	 [15:3] 
[1785597201688361] e7 [15:3] 
	 [15:3] 
[1785597201698361] e7 [15:3] 
	 [15:3] 
[1785597201708467] e7 [15:3] 
	 [5:2] 1 e9 4 0 0 0 0 0 0 0 0 0 24 1d b3 b9 0 0 0 0 0 0 0 0 0 0 0 0 
[1785597201708504] e7 [15:3] 
	 [15:3] 
[1785597201718359] e7 [15:3] 
	 [15:3] 
[1785597201728361] e7 [15:3] 
	 [15:3] 
[1785597201738440] e7 [15:3] 
	 [15:3] 
[1785597201748359] e7 [15:3] 
	 [15:3] 
[1785597201758433] e7 [15:3] 
	 [5:2] 1 1b 5 0 0 0 0 0 0 0 0 0 a5 69 83 b9 0 0 0 0 0 0 0 0 0 0 0 0 
[1785597201758465] e7 [15:3] 
	 [15:3] 
[1785597201768359] e7 [15:3] 
	 [15:3] 
[1785597201778413] e7 [15:3] 
	 [5:2] 0 2d 5 0 66 66 86 40 0 0 0 0 0 1 0 0 
[1785597201778449] e7 [15:3] 
	 [15:3] 
[1785597201788363] e7 [15:3] 
	 [15:3] 
[1785597201798371] e7 [15:3] 
	 [15:3] 
[1785597201808464] e7 [15:3] 
	 [5:2] 1 4d 5 0 0 0 0 0 0 0 0 0 6c 67 3f b9 0 0 0 0 0 0 0 0 0 0 0 0 
[1785597201808523] e7 [15:3] 
	 [15:3] 
[1785597201818374] e7 [15:3] 
	 [15:3] 
[1785597201828370] e7 [15:3] 
	 [15:3] 
[1785597201838386] e7 [15:3] 
	 [15:3] 
[1785597201848370] e7 [15:3] 
	 [15:3] 
[1785597201858518] e7 [15:3] 
	 [5:2] 1 7f 5 0 0 0 0 0 0 0 0 0 90 d9 a b9 0 0 0 0 0 0 0 0 0 0 0 0 
[1785597201858583] e7 [15:3] 
	 [15:3] 
[1785597201868364] e7 [15:3] 
	 [15:3] 
[1785597201878366] e7 [15:3] 
	 [15:3] 
[1785597201888371] e7 [15:3] 
	 [15:3] 
[1785597201898364] e7 [15:3] 
	 [15:3] 
[1785597201908500] e7 [15:3] 
	 [5:2] 1 b1 5 0 0 0 0 0 0 0 0 0 4c b c9 b8 0 0 0 0 0 0 0 0 0 0 0 0 
[1785597201908565] e7 [15:3] 
	 [15:3] 
[1785597201918356] e7 [15:3] 
	 [15:3] 
[1785597201928369] e7 [15:3] 
	 [15:3] 
[1785597201938358] e7 [15:3] 
	 [15:3] 
[1785597201948365] e7 [15:3] 
	 [15:3] 
[1785597201958434] e7 [15:3] 
	 [5:2] 1 e3 5 0 0 0 0 0 0 0 0 0 21 65 91 b8 0 0 0 0 0 0 0 0 0 0 0 0 
[1785597201958464] e7 [15:3] 
	 [15:3] 
[1785597201968361] e7 [15:3] 
	 [15:3] 
[1785597201978363] e7 [15:3] 
	 [15:3] 
[1785597201988357] e7 [15:3] 
	 [15:3] 
[1785597201998363] e7 [15:3] 
	 [15:3] 
[1785597202008442] e7 [15:3] 
	 [5:2] 1 15 6 0 0 0 0 0 0 0 0 0 5f 2e 52 b8 0 0 0 0 0 0 0 0 0 0 0 0 
[1785597202008483] e7 [15:3] 
	 [15:3] 
[1785597202018356] e7 [15:3] 
	 [15:3] 
[1785597202028364] e7 [15:3] 
	 [15:3] 
[1785597202038362] e7 [15:3] 
	 [15:3] 
[1785597202048358] e7 [15:3] 
	 [15:3] 
[1785597202058435] e7 [15:3] 
	 [5:2] 1 47 6 0 0 0 0 0 0 0 0 0 a0 de 17 b8 0 0 0 0 0 0 0 0 0 0 0 0 
[1785597202058471] e7 [15:3] 
	 [15:3] 
[1785597202068361] e7 [15:3] 
	 [15:3] 
[1785597202078360] e7 [15:3] 
	 [15:3] 
[1785597202088356] e7 [15:3] 
	 [15:3] 
[1785597202098367] e7 [15:3] 
	 [15:3] 
[1785597202108424] e7 [15:3] 
	 [5:2] 1 79 6 0 0 0 0 0 0 0 0 0 52 6d db b7 0 0 0 0 0 0 0 0 0 0 0 0 
[1785597202108456] e7 [15:3] 
	 [15:3] 
[1785597202118362] e7 [15:3] 
	 [15:3] 
[1785597202128364] e7 [15:3] 
	 [15:3] 
[1785597202138356] e7 [15:3] 
	 [15:3] 
[1785597202148363] e7 [15:3] 
	 [15:3] 
[1785597202158428] e7 [15:3] 
	 [5:2] 1 ab 6 0 0 0 0 0 0 0 0 0 3c 7e 9e b7 0 0 0 0 0 0 0 0 0 0 0 0 
[1785597202158463] e7 [15:3] 
	 [15:3] 
[1785597202168368] e7 [15:3] 
	 [15:3] 
[1785597202178362] e7 [15:3] 
	 [15:3] 
[1785597202188357] e7 [15:3] 
	 [15:3] 
[1785597202198362] e7 [15:3] 
	 [15:3] 
[1785597202208417] e7 [15:3] 
	 [5:2] 1 dd 6 0 0 0 0 0 0 0 0 0 b6 ec 64 b7 0 0 0 0 0 0 0 0 0 0 0 0 
[1785597202208450] e7 [15:3] 
	 [15:3] 
[1785597202218356] e7 [15:3] 
	 [15:3] 
[1785597202228360] e7 [15:3] 
	 [15:3] 
[1785597202238358] e7 [15:3] 
	 [15:3] 
[1785597202248364] e7 [15:3] 
	 [15:3] 
[1785597202258435] e7 [15:3] 
	 [5:2] 1 f 7 0 0 0 0 0 0 0 0 0 e5 4b 25 b7 0 0 0 0 0 0 0 0 0 0 0 0 
[1785597202258470] e7 [15:3] 
	 [15:3] 
[1785597202268359] e7 [15:3] 
	 [15:3] 
[1785597202278417] e7 [15:3] 
	 [5:2] 0 21 7 0 66 66 86 40 0 0 0 0 0 1 0 0 
[1785597202278454] e7 [15:3] 
	 [15:3] 
[1785597202288357] e7 [15:3] 
	 [15:3] 
[1785597202298358] e7 [15:3] 
	 [15:3] 
[1785597202308414] e7 [15:3] 
	 [5:2] 1 41 7 0 0 0 0 0 0 0 0 0 f0 a5 ee b6 0 0 0 0 0 0 0 0 0 0 0 0 
[1785597202308448] e7 [15:3] 
	 [15:3] 
[1785597202318357] e7 [15:3] 
	 [15:3] 
[1785597202328359] e7 [15:3] 
	 [15:3] 
[1785597202338358] e7 [15:3] 
	 [15:3] 
[1785597202348356] e7 [15:3] 
	 [15:3] 
[1785597202358423] e7 [15:3] 
	 [5:2] 1 73 7 0 0 0 0 0 0 0 0 0 bf 37 ac b6 0 0 0 0 0 0 0 0 0 0 0 0 
[1785597202358460] e7 [15:3] 
	 [15:3] 
[1785597202368360] e7 [15:3] 
	 [15:3] 
[1785597202378358] e7 [15:3] 
	 [15:3] 
[1785597202388456] e7 [15:3] 
	 [15:3] 
[1785597202398361] e7 [15:3] 
	 [15:3] 
[1785597202408424] e7 [15:3] 
	 [5:2] 1 a5 7 0 0 0 0 0 0 0 0 0 59 72 78 b6 0 0 0 0 0 0 0 0 0 0 0 0 
[1785597202408465] e7 [15:3] 
	 [15:3] 
[1785597202418357] e7 [15:3] 
	 [15:3] 
[1785597202428362] e7 [15:3] 
	 [15:3] 
[1785597202438365] e7 [15:3] 
	 [15:3] 
[1785597202448377] e7 [15:3] 
	 [15:3] 
[1785597202458485] e7 [15:3] 
	 [5:2] 1 d7 7 0 0 0 0 0 0 0 0 0 60 18 33 b6 0 0 0 0 0 0 0 0 0 0 0 0 
[1785597202458558] e7 [15:3] 
	 [15:3] 
[1785597202468364] e7 [15:3] 
	 [15:3] 
[1785597202478379] e7 [15:3] 
	 [15:3] 
[1785597202488534] e7 [15:3] 
	 [15:3] 
[1785597202498368] e7 [15:3] 
	 [15:3] 
[1785597202508460] e7 [15:3] 
	 [5:2] 1 9 8 0 0 0 0 0 0 0 0 0 d0 fc 0 b6 0 0 0 0 0 0 0 0 0 0 0 0 
[1785597202508516] e7 [15:3] 
	 [15:3] 
[1785597202518365] e7 [15:3] 
	 [15:3] 
[1785597202528373] e7 [15:3] 
	 [15:3] 
[1785597202538388] e7 [15:3] 
	 [15:3] 
[1785597202548383] e7 [15:3] 
	 [15:3] 
[1785597202558459] e7 [15:3] 
	 [5:2] 1 3b 8 0 0 0 0 0 0 0 0 0 a 94 b9 b5 0 0 0 0 0 0 0 0 0 0 0 0 
[1785597202558523] e7 [15:3] 
	 [15:3] 
[1785597202568366] e7 [15:3] 
	 [15:3] 
[1785597202578360] e7 [15:3] 
	 [15:3] 
[1785597202588361] e7 [15:3] 
	 [15:3] 
[1785597202598360] e7 [15:3] 
	 [15:3] 
[1785597202608422] e7 [15:3] 
	 [5:2] 1 6d 8 0 0 0 0 0 0 0 0 0 3c 45 85 b5 0 0 0 0 0 0 0 0 0 0 0 0 
[1785597202608462] e7 [15:3] 
	 [15:3] 
[1785597202618356] e7 [15:3] 
	 [15:3] 
[1785597202628360] e7 [15:3] 
	 [15:3] 
[1785597202638362] e7 [15:3] 
	 [15:3] 
[1785597202648358] e7 [15:3] 
	 [15:3] 
[1785597202658429] e7 [15:3] 
	 [5:2] 1 9f 8 0 0 0 0 0 0 0 0 0 f3 f6 3e b5 0 0 0 0 0 0 0 0 0 0 0 0 
[1785597202658466] e7 [15:3] 
	 [15:3] 
[1785597202668357] e7 [15:3] 
	 [15:3] 
[1785597202678360] e7 [15:3] 
	 [15:3] 
[1785597202688372] e7 [15:3] 
	 [15:3] 
[1785597202698358] e7 [15:3] 
	 [15:3] 
[1785597202708424] e7 [15:3] 
	 [5:2] 1 d1 8 0 0 0 0 0 0 0 0 0 f8 5a 8 b5 0 0 0 0 0 0 0 0 0 0 0 0 
[1785597202708457] e7 [15:3] 
	 [15:3] 
[1785597202718361] e7 [15:3] 
	 [15:3] 
[1785597202728358] e7 [15:3] 
	 [15:3] 
[1785597202738359] e7 [15:3] 
	 [15:3] 
[1785597202748363] e7 [15:3] 
	 [15:3] 
[1785597202758427] e7 [15:3] 
	 [5:2] 1 3 9 0 0 0 0 0 0 0 0 0 49 d2 c1 b4 0 0 0 0 0 0 0 0 0 0 0 0 
[1785597202758468] e7 [15:3] 
	 [15:3] 
[1785597202768358] e7 [15:3] 
	 [15:3] 
[1785597202778405] e7 [15:3] 
	 [5:2] 0 15 9 0 66 66 86 40 0 0 0 0 0 1 0 0 
[1785597202778443] e7 [15:3] 
	 [15:3] 
[1785597202788362] e7 [15:3] 
	 [15:3] 
[1785597202798363] e7 [15:3] 
	 [15:3] 
[1785597202808406] e7 [15:3] 
	 [5:2] 1 35 9 0 0 0 0 0 0 0 0 0 4e d0 88 b4 0 0 0 0 0 0 0 0 0 0 0 0 
[1785597202808437] e7 [15:3] 
	 [15:3] 
[1785597202818361] e7 [15:3] 
	 [15:3] 
[1785597202828363] e7 [15:3] 
	 [15:3] 
[1785597202838356] e7 [15:3] 
	 [15:3] 
[1785597202848357] e7 [15:3] 
	 [15:3] 
[1785597202858429] e7 [15:3] 
	 [5:2] 1 67 9 0 0 0 0 0 0 0 0 0 86 41 3f b4 0 0 0 0 0 0 0 0 0 0 0 0 
[1785597202858477] e7 [15:3] 
	 [15:3] 
[1785597202868355] e7 [15:3] 
	 [15:3] 
[1785597202878356] e7 [15:3] 
	 [15:3] 
[1785597202888362] e7 [15:3] 
	 [15:3] 
[1785597202898354] e7 [15:3] 
	 [15:3] 
[1785597202908417] e7 [15:3] 
	 [5:2] 1 99 9 0 0 0 0 0 0 0 0 0 3e b0 3 b4 0 0 0 0 0 0 0 0 0 0 0 0 
[1785597202908452] e7 [15:3] 
	 [15:3] 
[1785597202918362] e7 [15:3] 
	 [15:3] 
[1785597202928363] e7 [15:3] 
	 [15:3] 
[1785597202938365] e7 [15:3] 
	 [15:3] 
[1785597202948356] e7 [15:3] 
	 [15:3] 
[1785597202958447] e7 [15:3] 
	 [5:2] 1 cb 9 0 0 0 0 0 0 0 0 0 d4 7b b1 b3 0 0 0 0 0 0 0 0 0 0 0 0 
[1785597202958496] e7 [15:3] 
	 [15:3] 
[1785597202968365] e7 [15:3] 
	 [15:3] 
[1785597202978374] e7 [15:3] 
	 [15:3] 
[1785597202988373] e7 [15:3] 
	 [15:3] 
[1785597202998389] e7 [15:3] 
	 [15:3] 
[1785597203008476] e7 [15:3] 
	 [5:2] 1 fd 9 0 0 0 0 0 0 0 0 0 39 be 66 b3 0 0 0 0 0 0 0 0 0 0 0 0 
[1785597203008552] e7 [15:3] 
	 [15:3] 
[1785597203018411] e7 [15:3] 
	 [15:3] 
[1785597203028382] e7 [15:3] 
	 [15:3] 
[1785597203038389] e7 [15:3] 
	 [15:3] 
[1785597203048401] e7 [15:3] 
	 [15:3] 
[1785597203058470] e7 [15:3] 
	 [5:2] 1 2f a 0 0 0 0 0 0 0 0 0 a6 fe c b3 0 0 0 0 0 0 0 0 0 0 0 0 
[1785597203058523] e7 [15:3] 
	 [15:3] 
[1785597203068365] e7 [15:3] 
	 [15:3] 
[1785597203078364] e7 [15:3] 
	 [15:3] 
[1785597203088364] e7 [15:3] 
	 [15:3] 
[1785597203098357] e7 [15:3] 
	 [15:3] 
[1785597203108434] e7 [15:3] 
	 [5:2] 1 61 a 0 0 0 0 0 0 0 0 0 d1 f3 97 b2 0 0 0 0 0 0 0 0 0 0 0 0 
[1785597203108487] e7 [15:3] 
	 [15:3] 
[1785597203118358] e7 [15:3] 
	 [15:3] 
[1785597203128363] e7 [15:3] 
	 [15:3] 
[1785597203138357] e7 [15:3] 
	 [15:3] 
[1785597203148358] e7 [15:3] 
	 [15:3] 
[1785597203158424] e7 [15:3] 
	 [5:2] 1 93 a 0 0 0 0 0 0 0 0 0 de 53 e8 b1 0 0 0 0 0 0 0 0 0 0 0 0 
[1785597203158456] e7 [15:3] 
	 [15:3] 
[1785597203168357] e7 [15:3] 
	 [15:3] 
[1785597203178364] e7 [15:3] 
	 [15:3] 
[1785597203188361] e7 [15:3] 
	 [15:3] 
[1785597203198362] e7 [15:3] 
	 [15:3] 
[1785597203208414] e7 [15:3] 
	 [5:2] 1 c5 a 0 0 0 0 0 0 0 0 0 1e 8e 93 30 0 0 0 0 0 0 0 0 0 0 0 0 
[1785597203208445] e7 [15:3] 
	 [15:3] 
[1785597203218356] e7 [15:3] 
	 [15:3] 
[1785597203228374] e7 [15:3] 
	 [15:3] 
[1785597203238357] e7 [15:3] 
	 [15:3] 
[1785597203248363] e7 [15:3] 
	 [15:3] 
[1785597203258449] e7 [15:3] 
	 [5:2] 1 f7 a 0 0 0 0 0 0 0 0 0 f4 3f e9 31 0 0 0 0 0 0 0 0 0 0 0 0 
[1785597203258490] e7 [15:3] 
	 [15:3] 
[1785597203268364] e7 [15:3] 
	 [15:3] 
[1785597203278407] e7 [15:3] 
	 [5:2] 0 9 b 0 66 66 86 40 0 0 0 0 0 1 0 0 
[1785597203278438] e7 [15:3] 
	 [15:3] 
[1785597203288366] e7 [15:3] 
	 [15:3] 
[1785597203298376] e7 [15:3] 
	 [15:3] 
[1785597203308504] e7 [15:3] 
	 [5:2] 1 29 b 0 0 0 0 0 0 0 0 0 fa 7b 3b 32 0 0 0 0 0 0 0 0 0 0 0 0 
[1785597203308579] e7 [15:3] 
	 [15:3] 
[1785597203318371] e7 [15:3] 
	 [15:3] 
[1785597203328367] e7 [15:3] 
	 [15:3] 
[1785597203338375] e7 [15:3] 
	 [15:3] 
[1785597203348380] e7 [15:3] 
	 [15:3] 
[1785597203358468] e7 [15:3] 
	 [5:2] 1 5b b 0 0 0 0 0 0 0 0 0 ed 45 6e 32 0 0 0 0 0 0 0 0 0 0 0 0 
[1785597203358546] e7 [15:3] 
	 [15:3] 
[1785597203368384] e7 [15:3] 
	 [15:3] 
[1785597203378377] e7 [15:3] 
	 [15:3] 
[1785597203388447] e7 [15:3] 
	 [15:3] 
[1785597203398371] e7 [15:3] 
	 [15:3] 
[1785597203408458] e7 [15:3] 
	 [5:2] 1 8d b 0 0 0 0 0 0 0 0 0 63 a1 89 32 0 0 0 0 0 0 0 0 0 0 0 0 
[1785597203408512] e7 [15:3] 
	 [15:3] 
[1785597203418380] e7 [15:3] 
	 [15:3] 
[1785597203428381] e7 [15:3] 
	 [15:3] 
[1785597203438362] e7 [15:3] 
	 [15:3] 
[1785597203448361] e7 [15:3] 
	 [15:3] 
[1785597203458442] e7 [15:3] 
	 [5:2] 1 bf b 0 0 0 0 0 0 0 0 0 c f2 96 32 0 0 0 0 0 0 0 0 0 0 0 0 
[1785597203458484] e7 [15:3] 
	 [15:3] 
[1785597203468360] e7 [15:3] 
	 [15:3] 
[1785597203478359] e7 [15:3] 
	 [15:3] 
[1785597203488364] e7 [15:3] 
	 [15:3] 
[1785597203498364] e7 [15:3] 
	 [15:3] 
[1785597203508438] e7 [15:3] 
	 [5:2] 1 f1 b 0 0 0 0 0 0 0 0 0 51 52 a0 32 0 0 0 0 0 0 0 0 0 0 0 0 
[1785597203508479] e7 [15:3] 
	 [15:3] 
[1785597203518371] e7 [15:3] 
	 [15:3] 
[1785597203528358] e7 [15:3] 
	 [15:3] 
[1785597203538358] e7 [15:3] 
	 [15:3] 
[1785597203548357] e7 [15:3] 
	 [15:3] 
[1785597203558428] e7 [15:3] 
	 [5:2] 1 23 c 0 0 0 0 0 0 0 0 0 42 5b a7 32 0 0 0 0 0 0 0 0 0 0 0 0 
[1785597203558467] e7 [15:3] 
	 [15:3] 
[1785597203568363] e7 [15:3] 
	 [15:3] 
[1785597203578365] e7 [15:3] 
	 [15:3] 
[1785597203588363] e7 [15:3] 
	 [15:3] 
[1785597203598357] e7 [15:3] 
	 [15:3] 
[1785597203608412] e7 [15:3] 
	 [5:2] 1 55 c 0 0 0 0 0 0 0 0 0 2a 46 ac 32 0 0 0 0 0 0 0 0 0 0 0 0 
[1785597203608450] e7 [15:3] 
	 [15:3] 
[1785597203618361] e7 [15:3] 
	 [15:3] 
[1785597203628362] e7 [15:3] 
	 [15:3] 
[1785597203638366] e7 [15:3] 
	 [15:3] 
[1785597203648361] e7 [15:3] 
	 [15:3] 
[1785597203658432] e7 [15:3] 
	 [5:2] 1 87 c 0 0 0 0 0 0 0 0 0 23 44 b0 32 0 0 0 0 0 0 0 0 0 0 0 0 
[1785597203658481] e7 [15:3] 
	 [15:3] 
[1785597203668357] e7 [15:3] 
	 [15:3] 
[1785597203678356] e7 [15:3] 
	 [15:3] 
[1785597203688320] e7 [15:3] 
	 [15:3] 
[1785597203698358] e7 [15:3] 
	 [15:3] 
[1785597203708425] e7 [15:3] 
	 [5:2] 1 b9 c 0 0 0 0 0 0 0 0 0 b4 a9 b2 32 0 0 0 0 0 0 0 0 0 0 0 0 
[1785597203708461] e7 [15:3] 
	 [15:3] 
[1785597203718366] e7 [15:3] 
	 [15:3] 
[1785597203728364] e7 [15:3] 
	 [15:3] 
[1785597203738358] e7 [15:3] 
	 [15:3] 
[1785597203748357] e7 [15:3] 
	 [15:3] 
[1785597203758428] e7 [15:3] 
	 [5:2] 1 eb c 0 0 0 0 0 0 0 0 0 c 9d b4 32 0 0 0 0 0 0 0 0 0 0 0 0 
[1785597203758460] e7 [15:3] 
	 [15:3] 
[1785597203768356] e7 [15:3] 
	 [15:3] 
[1785597203778412] e7 [15:3] 
	 [5:2] 0 fd c 0 66 66 86 40 0 0 0 0 0 1 0 0 
[1785597203778445] e7 [15:3] 
	 [15:3] 
[1785597203788363] e7 [15:3] 
	 [15:3] 
[1785597203798355] e7 [15:3] 
	 [15:3] 
[1785597203808425] e7 [15:3] 
	 [5:2] 1 1d d 0 0 0 0 0 0 0 0 0 b4 2c b6 32 0 0 0 0 0 0 0 0 0 0 0 0 
[1785597203808464] e7 [15:3] 
	 [15:3] 
[1785597203818358] e7 [15:3] 
	 [15:3] 
[1785597203828364] e7 [15:3] 
	 [15:3] 
[1785597203838357] e7 [15:3] 
	 [15:3] 
[1785597203848369] e7 [15:3] 
	 [15:3] 
[1785597203858450] e7 [15:3] 
	 [5:2] 1 4f d 0 0 0 0 0 0 0 0 0 5a 25 b7 32 0 0 0 0 0 0 0 0 0 0 0 0 
[1785597203858493] e7 [15:3] 
	 [15:3] 
[1785597203868364] e7 [15:3] 
	 [15:3] 
[1785597203878373] e7 [15:3] 
	 [15:3] 
[1785597203888383] e7 [15:3] 
	 [15:3] 
[1785597203898374] e7 [15:3] 
	 [15:3] 
[1785597203908466] e7 [15:3] 
	 [5:2] 1 81 d 0 0 0 0 0 0 0 0 0 44 9a b7 32 0 0 0 0 0 0 0 0 0 0 0 0 
[1785597203908526] e7 [15:3] 
	 [15:3] 
[1785597203918380] e7 [15:3] 
	 [15:3] 
[1785597203928380] e7 [15:3] 
	 [15:3] 
[1785597203938373] e7 [15:3] 
	 [15:3] 
[1785597203948379] e7 [15:3] 
	 [15:3] 
[1785597203958539] e7 [15:3] 
	 [5:2] 1 b3 d 0 0 0 0 0 0 0 0 0 48 85 b8 32 0 0 0 0 0 0 0 0 0 0 0 0 
[1785597203958642] e7 [15:3] 
	 [15:3] 
[1785597203968366] e7 [15:3] 
	 [15:3] 
[1785597203978381] e7 [15:3] 
	 [15:3] 
[1785597203988406] e7 [15:3] 
	 [15:3] 
[1785597203998378] e7 [15:3] 
	 [15:3] 
[1785597204008466] e7 [15:3] 
	 [5:2] 1 e5 d 0 0 0 0 0 0 0 0 0 bc 91 b8 32 0 0 0 0 0 0 0 0 0 0 0 0 
[1785597204008532] e7 [15:3] 
	 [15:3] 
[1785597204018382] e7 [15:3] 
	 [15:3] 
[1785597204028364] e7 [15:3] 
	 [15:3] 
[1785597204038362] e7 [15:3] 
	 [15:3] 
[1785597204048371] e7 [15:3] 
	 [15:3] 
[1785597204058466] e7 [15:3] 
	 [5:2] 1 17 e 0 0 0 0 0 0 0 0 0 a 92 b8 32 0 0 0 0 0 0 0 0 0 0 0 0 
[1785597204058515] e7 [15:3] 
	 [15:3] 
[1785597204068360] e7 [15:3] 
	 [15:3] 
[1785597204078366] e7 [15:3] 
	 [15:3] 
[1785597204088363] e7 [15:3] 
	 [15:3] 
[1785597204098361] e7 [15:3] 
	 [15:3] 
[1785597204108433] e7 [15:3] 
	 [5:2] 1 49 e 0 0 0 0 0 0 0 0 0 d0 80 b9 32 0 0 0 0 0 0 0 0 0 0 0 0 
[1785597204108469] e7 [15:3] 
	 [15:3] 
[1785597204118361] e7 [15:3] 
	 [15:3] 
[1785597204128366] e7 [15:3] 
	 [15:3] 
[1785597204138361] e7 [15:3] 
	 [15:3] 
[1785597204148363] e7 [15:3] 
	 [15:3] 
[1785597204158469] e7 [15:3] 
	 [5:2] 1 7b e 0 0 0 0 0 0 0 0 0 b8 86 b9 32 0 0 0 0 0 0 0 0 0 0 0 0 
[1785597204158529] e7 [15:3] 
	 [15:3] 
[1785597204168339] e7 [15:3] 
	 [15:3] 
[1785597204178371] e7 [15:3] 
	 [15:3] 
[1785597204188361] e7 [15:3] 
	 [15:3] 
[1785597204198359] e7 [15:3] 
	 [15:3] 
[1785597204208446] e7 [15:3] 
	 [5:2] 1 ad e 0 0 0 0 0 0 0 0 0 dd 86 b9 32 0 0 0 0 0 0 0 0 0 0 0 0 
[1785597204208491] e7 [15:3] 
	 [15:3] 
[1785597204218359] e7 [15:3] 
	 [15:3] 
[1785597204228364] e7 [15:3] 
	 [15:3] 
[1785597204238361] e7 [15:3] 
	 [15:3] 
[1785597204248361] e7 [15:3] 
	 [15:3] 
[1785597204258487] e7 [15:3] 
	 [5:2] 1 df e 0 0 0 0 0 0 0 0 0 de 86 b9 32 0 0 0 0 0 0 0 0 0 0 0 0 
[1785597204258570] e7 [15:3] 
	 [15:3] 
[1785597204268370] e7 [15:3] 
	 [15:3] 
[1785597204278422] e7 [15:3] 
	 [5:2] 0 f1 e 0 66 66 86 40 0 0 0 0 0 1 0 0 
[1785597204278458] e7 [15:3] 
	 [15:3] 
[1785597204288364] e7 [15:3] 
	 [15:3] 
[1785597204298358] e7 [15:3] 
	 [15:3] 
[1785597204308432] e7 [15:3] 
	 [5:2] 1 11 f 0 0 0 0 0 0 0 0 0 de 86 b9 32 0 0 0 0 0 0 0 0 0 0 0 0 
[1785597204308473] e7 [15:3] 
	 [15:3] 
[1785597204318360] e7 [15:3] 
	 [15:3] 
[1785597204328363] e7 [15:3] 
	 [15:3] 
[1785597204338357] e7 [15:3] 
	 [15:3] 
[1785597204348357] e7 [15:3] 
	 [15:3] 
[1785597204358418] e7 [15:3] 
	 [5:2] 1 43 f 0 0 0 0 0 0 0 0 0 de 86 b9 32 0 0 0 0 0 0 0 0 0 0 0 0 
[1785597204358457] e7 [15:3] 
	 [15:3] 
[1785597204368357] e7 [15:3] 
	 [15:3] 
[1785597204378362] e7 [15:3] 
	 [15:3] 
[1785597204388363] e7 [15:3] 
	 [15:3] 
[1785597204398356] e7 [15:3] 
	 [15:3] 
[1785597204408427] e7 [15:3] 
	 [5:2] 1 75 f 0 0 0 0 0 0 0 0 0 de 86 b9 32 0 0 0 0 0 0 0 0 0 0 0 0 
[1785597204408464] e7 [15:3] 
	 [15:3] 
[1785597204418363] e7 [15:3] 
	 [15:3] 
[1785597204428363] e7 [15:3] 
	 [15:3] 
[1785597204438362] e7 [15:3] 
	 [15:3] 
[1785597204448356] e7 [15:3] 
	 [15:3] 
[1785597204458419] e7 [15:3] 
	 [5:2] 1 a7 f 0 0 0 0 0 0 0 0 0 de 86 b9 32 0 0 0 0 0 0 0 0 0 0 0 0 
[1785597204458459] e7 [15:3] 
	 [15:3] 
[1785597204468358] e7 [15:3] 
	 [15:3] 
[1785597204478362] e7 [15:3] 
	 [15:3] 
[1785597204488379] e7 [15:3] 
	 [15:3] 
[1785597204498372] e7 [15:3] 
	 [15:3] 
[1785597204508462] e7 [15:3] 
	 [5:2] 1 d9 f 0 0 0 0 0 0 0 0 0 de 86 b9 32 0 0 0 0 0 0 0 0 0 0 0 0 
[1785597204508519] e7 [15:3] 
	 [15:3] 
[1785597204518380] e7 [15:3] 
	 [15:3] 
[1785597204528409] e7 [15:3] 
	 [15:3] 
[1785597204538401] e7 [15:3] 
	 [15:3] 
[1785597204548403] e7 [15:3] 
	 [15:3] 
[1785597204558481] e7 [15:3] 
	 [5:2] 1 b 10 0 0 0 0 0 0 0 0 0 de 86 b9 32 0 0 0 0 0 0 0 0 0 0 0 0 
[1785597204558553] e7 [15:3] 
	 [15:3] 
[1785597204568366] e7 [15:3] 
	 [15:3] 
[1785597204578386] e7 [15:3] 
	 [15:3] 
[1785597204588377] e7 [15:3] 
	 [15:3] 
[1785597204598360] e7 [15:3] 
	 [15:3] 
[1785597204608434] e7 [15:3] 
	 [5:2] 1 3d 10 0 0 0 0 0 0 0 0 0 de 86 b9 32 0 0 0 0 0 0 0 0 0 0 0 0 
[1785597204608468] e7 [15:3] 
	 [15:3] 
[1785597204618357] e7 [15:3] 
	 [15:3] 
[1785597204628357] e7 [15:3] 
	 [15:3] 
[1785597204638357] e7 [15:3] 
	 [15:3] 
[1785597204648356] e7 [15:3] 
	 [15:3] 
[1785597204658415] e7 [15:3] 
	 [5:2] 1 6f 10 0 0 0 0 0 0 0 0 0 de 86 b9 32 0 0 0 0 0 0 0 0 0 0 0 0 
[1785597204658448] e7 [15:3] 
	 [15:3] 
[1785597204668357] e7 [15:3] 
	 [15:3] 
[1785597204678356] e7 [15:3] 
	 [15:3] 
[1785597204688365] e7 [15:3] 
	 [15:3] 
[1785597204698356] e7 [15:3] 
	 [15:3] 
[1785597204708408] e7 [15:3] 
	 [5:2] 1 a1 10 0 0 0 0 0 0 0 0 0 de 86 b9 32 0 0 0 0 0 0 0 0 0 0 0 0 
[1785597204708443] e7 [15:3] 
	 [15:3] 
[1785597204718362] e7 [15:3] 
	 [15:3] 
[1785597204728367] e7 [15:3] 
	 [15:3] 
[1785597204738366] e7 [15:3] 
	 [15:3] 
[1785597204748358] e7 [15:3] 
	 [15:3] 
[1785597204758438] e7 [15:3] 
	 [5:2] 1 d3 10 0 0 0 0 0 0 0 0 0 de 86 b9 32 0 0 0 0 0 0 0 0 0 0 0 0 
[1785597204758474] e7 [15:3] 
	 [15:3] 
[1785597204768360] e7 [15:3] 
	 [15:3] 
[1785597204778408] e7 [15:3] 
	 [5:2] 0 e5 10 0 66 66 86 40 0 0 0 0 0 1 0 0 
[1785597204778445] e7 [15:3] 
	 [15:3] 
[1785597204788362] e7 [15:3] 
	 [15:3] 
[1785597204798362] e7 [15:3] 
	 [15:3] 
[1785597204808417] e7 [15:3] 
	 [5:2] 1 5 11 0 0 0 0 0 0 0 0 0 de 86 b9 32 0 0 0 0 0 0 0 0 0 0 0 0 
[1785597204808457] e7 [15:3] 
	 [15:3] 
[1785597204818356] e7 [15:3] 
	 [15:3] 
[1785597204828364] e7 [15:3] 
	 [15:3] 
[1785597204838364] e7 [15:3] 
	 [15:3] 
[1785597204848370] e7 [15:3] 
	 [15:3] 
[1785597204858436] e7 [15:3] 
	 [5:2] 1 37 11 0 0 0 0 0 0 0 0 0 de 86 b9 32 0 0 0 0 0 0 0 0 0 0 0 0 
[1785597204858469] e7 [15:3] 
	 [15:3] 
[1785597204868356] e7 [15:3] 
	 [15:3] 
[1785597204878357] e7 [15:3] 
	 [15:3] 
[1785597204888358] e7 [15:3] 
	 [15:3] 
[1785597204898361] e7 [15:3] 
	 [15:3] 
[1785597204908422] e7 [15:3] 
	 [5:2] 1 69 11 0 0 0 0 0 0 0 0 0 de 86 b9 32 0 0 0 0 0 0 0 0 0 0 0 0 
[1785597204908478] e7 [15:3] 
	 [15:3] 
[1785597204918363] e7 [15:3] 
	 [15:3] 
[1785597204928368] e7 [15:3] 
	 [15:3] 
[1785597204938363] e7 [15:3] 
	 [15:3] 
[1785597204948358] e7 [15:3] 
	 [15:3] 
[1785597204958439] e7 [15:3] 
	 [5:2] 1 9b 11 0 0 0 0 0 0 0 0 0 de 86 b9 32 0 0 0 0 0 0 0 0 0 0 0 0 
[1785597204958487] e7 [15:3] 
	 [15:3] 
[1785597204968365] e7 [15:3] 
	 [15:3] 
[1785597204978361] e7 [15:3] 
	 [15:3] 
[1785597204988363] e7 [15:3] 
	 [15:3] 
[1785597204998363] e7 [15:3] 
	 [15:3] 
[1785597205008425] e7 [15:3] 
	 [5:2] 1 cd 11 0 0 0 0 0 0 0 0 0 de 86 b9 32 0 0 0 0 0 0 0 0 0 0 0 0 
[1785597205008463] e7 [15:3] 
	 [15:3] 
[1785597205018362] e7 [15:3] 
	 [15:3] 
[1785597205028364] e7 [15:3] 
	 [15:3] 
[1785597205038360] e7 [15:3] 
	 [15:3] 
[1785597205048364] e7 [15:3] 
	 [15:3] 
[1785597205058435] e7 [15:3] 
	 [5:2] 1 ff 11 0 0 0 0 0 0 0 0 0 de 86 b9 32 0 0 0 0 0 0 0 0 0 0 0 0 
[1785597205058480] e7 [15:3] 
	 [15:3] 
[1785597205068363] e7 [15:3] 
	 [15:3] 
[1785597205078359] e7 [15:3] 
	 [15:3] 
[1785597205088358] e7 [15:3] 
	 [15:3] 
[1785597205098361] e7 [15:3] 
	 [15:3] 
[1785597205108419] e7 [15:3] 
	 [5:2] 1 31 12 0 0 0 0 0 0 0 0 0 de 86 b9 32 0 0 0 0 0 0 0 0 0 0 0 0 
[1785597205108458] e7 [15:3] 
	 [15:3] 
[1785597205118358] e7 [15:3] 
	 [15:3] 
[1785597205128361] e7 [15:3] 
	 [15:3] 
[1785597205138359] e7 [15:3] 
	 [15:3] 
[1785597205148359] e7 [15:3] 
	 [15:3] 
[1785597205158441] e7 [15:3] 
	 [5:2] 1 63 12 0 0 0 0 0 0 0 0 0 de 86 b9 32 0 0 0 0 0 0 0 0 0 0 0 0 
[1785597205158475] e7 [15:3] 
	 [15:3] 
[1785597205168363] e7 [15:3] 
	 [15:3] 
[1785597205178360] e7 [15:3] 
	 [15:3] 
[1785597205188362] e7 [15:3] 
	 [15:3] 
[1785597205198357] e7 [15:3] 
	 [15:3] 
[1785597205208425] e7 [15:3] 
	 [5:2] 1 95 12 0 0 0 0 0 0 0 0 0 de 86 b9 32 0 0 0 0 0 0 0 0 0 0 0 0 
[1785597205208463] e7 [15:3] 
	 [15:3] 
[1785597205218364] e7 [15:3] 
	 [15:3] 
[1785597205228362] e7 [15:3] 
	 [15:3] 
[1785597205238367] e7 [15:3] 
	 [15:3] 
[1785597205248324] e7 [15:3] 
	 [15:3] 
[1785597205258442] e7 [15:3] 
	 [5:2] 1 c7 12 0 0 0 0 0 0 0 0 0 de 86 b9 32 0 0 0 0 0 0 0 0 0 0 0 0 
[1785597205258481] e7 [15:3] 
	 [15:3] 
[1785597205268357] e7 [15:3] 
	 [15:3] 
[1785597205278411] e7 [15:3] 
	 [5:2] 0 d9 12 0 66 66 86 40 0 0 0 0 0 1 0 0 
[1785597205278444] e7 [15:3] 
	 [15:3] 
[1785597205288366] e7 [15:3] 
	 [15:3] 
[1785597205298364] e7 [15:3] 
	 [15:3] 
[1785597205308428] e7 [15:3] 
	 [5:2] 1 f9 12 0 0 0 0 0 0 0 0 0 de 86 b9 32 0 0 0 0 0 0 0 0 0 0 0 0 
[1785597205308464] e7 [15:3] 
	 [15:3] 
[1785597205318365] e7 [15:3] 
	 [15:3] 
[1785597205328360] e7 [15:3] 
	 [15:3] 
[1785597205338358] e7 [15:3] 
	 [15:3] 
[1785597205348362] e7 [15:3] 
	 [15:3] 
[1785597205358443] e7 [15:3] 
	 [5:2] 1 2b 13 0 0 0 0 0 0 0 0 0 de 86 b9 32 0 0 0 0 0 0 0 0 0 0 0 0 
[1785597205358482] e7 [15:3] 
	 [15:3] 
[1785597205368361] e7 [15:3] 
	 [15:3] 
[1785597205378357] e7 [15:3] 
	 [15:3] 
[1785597205388356] e7 [15:3] 
	 [15:3] 
[1785597205398362] e7 [15:3] 
	 [15:3] 
[1785597205408418] e7 [15:3] 
	 [5:2] 1 5d 13 0 0 0 0 0 0 0 0 0 de 86 b9 32 0 0 0 0 0 0 0 0 0 0 0 0 
[1785597205408454] e7 [15:3] 
	 [15:3] 
[1785597205418357] e7 [15:3] 
	 [15:3] 
[1785597205428356] e7 [15:3] 
	 [15:3] 
[1785597205438363] e7 [15:3] 
	 [15:3] 
[1785597205448359] e7 [15:3] 
	 [15:3] 
[1785597205458423] e7 [15:3] 
	 [5:2] 1 8f 13 0 0 0 0 0 0 0 0 0 de 86 b9 32 0 0 0 0 0 0 0 0 0 0 0 0 
[1785597205458460] e7 [15:3] 
	 [15:3] 
[1785597205468357] e7 [15:3] 
	 [15:3] 
[1785597205478362] e7 [15:3] 
	 [15:3] 
[1785597205488370] e7 [15:3] 
	 [15:3] 
[1785597205498367] e7 [15:3] 
	 [15:3] 
[1785597205508419] e7 [15:3] 
	 [5:2] 1 c1 13 0 0 0 0 0 0 0 0 0 de 86 b9 32 0 0 0 0 0 0 0 0 0 0 0 0 
[1785597205508465] e7 [15:3] 
	 [15:3] 
[1785597205518361] e7 [15:3] 
	 [15:3] 
[1785597205528357] e7 [15:3] 
	 [15:3] 
[1785597205538368] e7 [15:3] 
	 [15:3] 
[1785597205548358] e7 [15:3] 
	 [15:3] 
[1785597205558431] e7 [15:3] 
	 [5:2] 1 f3 13 0 0 0 0 0 0 0 0 0 de 86 b9 32 0 0 0 0 0 0 0 0 0 0 0 0 
[1785597205558467] e7 [15:3] 
	 [15:3] 
[1785597205568362] e7 [15:3] 
	 [15:3] 
[1785597205578357] e7 [15:3] 
	 [15:3] 
[1785597205588362] e7 [15:3] 
	 [15:3] 
[1785597205598363] e7 [15:3] 
	 [15:3] 
[1785597205608433] e7 [15:3] 
	 [5:2] 1 25 14 0 0 0 0 0 0 0 0 0 de 86 b9 32 0 0 0 0 0 0 0 0 0 0 0 0 
[1785597205608476] e7 [15:3] 
	 [15:3] 
[1785597205618356] e7 [15:3] 
	 [15:3] 
[1785597205628363] e7 [15:3] 
	 [15:3] 
[1785597205638363] e7 [15:3] 
	 [15:3] 
[1785597205648363] e7 [15:3] 
	 [15:3] 
[1785597205658409] e7 [15:3] 
	 [5:2] 1 57 14 0 0 0 0 0 0 0 0 0 81 8d b9 32 0 0 0 0 0 0 0 0 0 0 0 0 
[1785597205658441] e7 [15:3] 
	 [15:3] 
[1785597205668355] e7 [15:3] 
	 [15:3] 
[1785597205678357] e7 [15:3] 
	 [15:3] 
[1785597205688361] e7 [15:3] 
	 [15:3] 
[1785597205698362] e7 [15:3] 
	 [15:3] 
[1785597205708410] e7 [15:3] 
	 [5:2] 1 89 14 0 0 0 0 0 0 0 0 0 8 7 ba 32 0 0 0 0 0 0 0 0 0 0 0 0 
[1785597205708442] e7 [15:3] 
	 [15:3] 
[1785597205718356] e7 [15:3] 
	 [15:3] 
[1785597205728357] e7 [15:3] 
	 [15:3] 
[1785597205738360] e7 [15:3] 
	 [15:3] 
[1785597205748365] e7 [15:3] 
	 [15:3] 
[1785597205758429] e7 [15:3] 
	 [5:2] 1 bb 14 0 0 0 0 0 0 0 0 0 a 8a b9 32 0 0 0 0 0 0 0 0 0 0 0 0 
[1785597205758463] e7 [15:3] 
	 [15:3] 
[1785597205768359] e7 [15:3] 
	 [15:3] 
[1785597205778413] e7 [15:3] 
	 [5:2] 0 cd 14 0 66 66 86 40 0 0 0 0 0 1 0 0 
[1785597205778448] e7 [15:3] 
	 [15:3] 
[1785597205788365] e7 [15:3] 
	 [15:3] 
[1785597205798358] e7 [15:3] 
	 [15:3] 
[1785597205808425] e7 [15:3] 
	 [5:2] 1 ed 14 0 0 0 0 0 0 0 0 0 f2 6 ba 32 0 0 0 0 0 0 0 0 0 0 0 0 
[1785597205808467] e7 [15:3] 
	 [15:3] 
[1785597205818358] e7 [15:3] 
	 [15:3] 
[1785597205828359] e7 [15:3] 
	 [15:3] 
[1785597205838359] e7 [15:3] 
	 [15:3] 
[1785597205848360] e7 [15:3] 
	 [15:3] 
[1785597205858431] e7 [15:3] 
	 [5:2] 1 1f 15 0 0 0 0 0 0 0 0 0 a 8a b9 32 0 0 0 0 0 0 0 0 0 0 0 0 
[1785597205858468] e7 [15:3] 
	 [15:3] 
[1785597205868358] e7 [15:3] 
	 [15:3] 
[1785597205878360] e7 [15:3] 
	 [15:3] 
[1785597205888358] e7 [15:3] 
	 [15:3] 
[1785597205898459] e7 [15:3] 
	 [15:3] 
[1785597205908427] e7 [15:3] 
	 [5:2] 1 51 15 0 0 0 0 0 0 0 0 0 6 c4 b9 32 0 0 0 0 0 0 0 0 0 0 0 0 
[1785597205908467] e7 [15:3] 
	 [15:3] 
[1785597205918357] e7 [15:3] 
	 [15:3] 
[1785597205928364] e7 [15:3] 
	 [15:3] 
[1785597205938358] e7 [15:3] 
	 [15:3] 
[1785597205948362] e7 [15:3] 
	 [15:3] 
[1785597205958446] e7 [15:3] 
	 [5:2] 1 83 15 0 0 0 0 0 0 0 0 0 62 88 b9 32 0 0 0 0 0 0 0 0 0 0 0 0 
[1785597205958495] e7 [15:3] 
	 [15:3] 
[1785597205968362] e7 [15:3] 
	 [15:3] 
[1785597205978357] e7 [15:3] 
	 [15:3] 
[1785597205988356] e7 [15:3] 
	 [15:3] 
[1785597205998357] e7 [15:3] 
	 [15:3] 
[1785597206008413] e7 [15:3] 
	 [5:2] 1 b5 15 0 0 0 0 0 0 0 0 0 fc c3 b9 32 0 0 0 0 0 0 0 0 0 0 0 0 
[1785597206008452] e7 [15:3] 
	 [15:3] 
[1785597206018357] e7 [15:3] 
	 [15:3] 
[1785597206028362] e7 [15:3] 
	 [15:3] 
[1785597206038363] e7 [15:3] 
	 [15:3] 
[1785597206048364] e7 [15:3] 
	 [15:3] 
[1785597206058422] e7 [15:3] 
	 [5:2] 1 e7 15 0 0 0 0 0 0 0 0 0 62 88 b9 32 0 0 0 0 0 0 0 0 0 0 0 0 
[1785597206058462] e7 [15:3] 
	 [15:3] 
[1785597206068356] e7 [15:3] 
	 [15:3] 
[1785597206078362] e7 [15:3] 
	 [15:3] 
[1785597206088371] e7 [15:3] 
	 [15:3] 
[1785597206098363] e7 [15:3] 
	 [15:3] 
[1785597206108425] e7 [15:3] 
	 [5:2] 1 19 16 0 0 0 0 0 0 0 0 0 fc c3 b9 32 0 0 0 0 0 0 0 0 0 0 0 0 
[1785597206108462] e7 [15:3] 
	 [15:3] 
[1785597206118364] e7 [15:3] 
	 [15:3] 
[1785597206128357] e7 [15:3] 
	 [15:3] 
[1785597206138362] e7 [15:3] 
	 [15:3] 
[1785597206148369] e7 [15:3] 
	 [15:3] 
[1785597206158434] e7 [15:3] 
	 [5:2] 1 4b 16 0 0 0 0 0 0 0 0 0 62 88 b9 32 0 0 0 0 0 0 0 0 0 0 0 0 
[1785597206158475] e7 [15:3] 
	 [15:3] 
[1785597206168358] e7 [15:3] 
	 [15:3] 
[1785597206178356] e7 [15:3] 
	 [15:3] 
[1785597206188358] e7 [15:3] 
	 [15:3] 
[1785597206198357] e7 [15:3] 
	 [15:3] 
[1785597206208429] e7 [15:3] 
	 [5:2] 1 7d 16 0 0 0 0 0 0 0 0 0 c a4 b9 32 0 0 0 0 0 0 0 0 0 0 0 0 
[1785597206208468] e7 [15:3] 
	 [15:3] 
[1785597206218357] e7 [15:3] 
	 [15:3] 
[1785597206228363] e7 [15:3] 
	 [15:3] 
[1785597206238364] e7 [15:3] 
	 [15:3] 
[1785597206248376] e7 [15:3] 
	 [15:3] 
[1785597206258442] e7 [15:3] 
	 [5:2] 1 af 16 0 0 0 0 0 0 0 0 0 98 87 b9 32 0 0 0 0 0 0 0 0 0 0 0 0 
[1785597206258485] e7 [15:3] 
	 [15:3] 
[1785597206268356] e7 [15:3] 
	 [15:3] 
[1785597206278409] e7 [15:3] 
	 [5:2] 0 c1 16 0 66 66 86 40 0 0 0 0 0 1 0 0 
[1785597206278441] e7 [15:3] 
	 [15:3] 
[1785597206288363] e7 [15:3] 
	 [15:3] 
[1785597206298358] e7 [15:3] 
	 [15:3] 
[1785597206308443] e7 [15:3] 
	 [5:2] 1 e1 16 0 0 0 0 0 0 0 0 0 8 a4 b9 32 0 0 0 0 0 0 0 0 0 0 0 0 
[1785597206308480] e7 [15:3] 
	 [15:3] 
[1785597206318367] e7 [15:3] 
	 [15:3] 
[1785597206328357] e7 [15:3] 
	 [15:3] 
[1785597206338361] e7 [15:3] 
	 [15:3] 
[1785597206348359] e7 [15:3] 
	 [15:3] 
[1785597206358434] e7 [15:3] 
	 [5:2] 1 13 17 0 0 0 0 0 0 0 0 0 98 87 b9 32 0 0 0 0 0 0 0 0 0 0 0 0 
[1785597206358466] e7 [15:3] 
	 [15:3] 
[1785597206368358] e7 [15:3] 
	 [15:3] 
[1785597206378358] e7 [15:3] 
	 [15:3] 
[1785597206388363] e7 [15:3] 
	 [15:3] 
